// Vitest Snapshot v1, https://vitest.dev/guide/snapshot.html

exports[`Image > renders image with correct URL 1`] = `NaN`;
